Picked up JAVA_TOOL_OPTIONS: -Dstdout.encoding=UTF-8 -Dstderr.encoding=UTF-8
[INFO] Scanning for projects...
[INFO] 
[INFO] --------------------------< com.knowlink:api >--------------------------
[INFO] Building api 0.0.1-SNAPSHOT
[INFO]   from pom.xml
[INFO] --------------------------------[ jar ]---------------------------------
[INFO] 
[INFO] --- clean:3.4.1:clean (default-clean) @ api ---
[INFO] Deleting c:\Users\jlssa\Desktop\KNOWLINK\knowlink-backend\target
[INFO] 
[INFO] --- resources:3.3.1:resources (default-resources) @ api ---
[INFO] Copying 2 resources from src\main\resources to target\classes
[INFO] Copying 0 resource from src\main\resources to target\classes
[INFO] 
[INFO] --- compiler:3.14.1:compile (default-compile) @ api ---
[INFO] Recompiling the module because of changed source code.
[INFO] Compiling 63 source files with javac [debug parameters release 21] to target\classes
[INFO] Annotation processing is enabled because one or more processors were found
  on the class path. A future release of javac may disable annotation processing
  unless at least one processor is specified by name (-processor), or a search
  path is specified (--processor-path, --processor-module-path), or annotation
  processing is enabled explicitly (-proc:only, -proc:full).
  Use -Xlint:-options to suppress this message.
  Use -proc:none to disable annotation processing.
[INFO] 
[INFO] --- resources:3.3.1:testResources (default-testResources) @ api ---
[INFO] Copying 1 resource from src\test\resources to target\test-classes
[INFO] 
[INFO] --- compiler:3.14.1:testCompile (default-testCompile) @ api ---
[INFO] Recompiling the module because of changed dependency.
[INFO] Compiling 4 source files with javac [debug parameters release 21] to target\test-classes
[INFO] Annotation processing is enabled because one or more processors were found
  on the class path. A future release of javac may disable annotation processing
  unless at least one processor is specified by name (-processor), or a search
  path is specified (--processor-path, --processor-module-path), or annotation
  processing is enabled explicitly (-proc:only, -proc:full).
  Use -Xlint:-options to suppress this message.
  Use -proc:none to disable annotation processing.
[INFO] /c:/Users/jlssa/Desktop/KNOWLINK/knowlink-backend/src/test/java/com/knowlink/api/tutors/controllers/TutorControllerTest.java: c:\Users\jlssa\Desktop\KNOWLINK\knowlink-backend\src\test\java\com\knowlink\api\tutors\controllers\TutorControllerTest.java uses or overrides a deprecated API.
[INFO] /c:/Users/jlssa/Desktop/KNOWLINK/knowlink-backend/src/test/java/com/knowlink/api/tutors/controllers/TutorControllerTest.java: Recompile with -Xlint:deprecation for details.
[INFO] 
[INFO] --- surefire:3.5.5:test (default-test) @ api ---
[INFO] Tests are skipped.
[INFO] 
[INFO] --- jar:3.4.2:jar (default-jar) @ api ---
[INFO] Building jar: c:\Users\jlssa\Desktop\KNOWLINK\knowlink-backend\target\api-0.0.1-SNAPSHOT.jar
[INFO] 
[INFO] --- spring-boot:3.5.14:repackage (repackage) @ api ---
[INFO] Replacing main artifact c:\Users\jlssa\Desktop\KNOWLINK\knowlink-backend\target\api-0.0.1-SNAPSHOT.jar with repackaged archive, adding nested dependencies in BOOT-INF/.
[INFO] The original artifact has been renamed to c:\Users\jlssa\Desktop\KNOWLINK\knowlink-backend\target\api-0.0.1-SNAPSHOT.jar.original
[INFO] ------------------------------------------------------------------------
[INFO] BUILD SUCCESS
[INFO] ------------------------------------------------------------------------
[INFO] Total time:  12.052 s
[INFO] Finished at: 2026-07-01T21:16:05-03:00
[INFO] ------------------------------------------------------------------------
